// 重构日志: 6a5b037b
// 重构日志: ec25fbba
// 同步 ID: 1bcb18ca @ Wed Jul 22 00:19:51 UTC 2026
// 同步 ID: ce252447 @ Wed Jul 22 07:18:56 UTC 2026
// 同步 ID: 51a274d7 @ Wed Jul 22 17:04:07 UTC 2026
// 重构日志: 98924691
// 重构日志: f218f353
// 重构日志: 7dbbf2bd
// 重构日志: 08bbbb8f
// 同步 ID: 3a8da096 @ Fri Jul 24 18:15:41 UTC 2026
// 重构日志: 209df5b7
// 重构日志: 670d1043
// 同步 ID: 81089597 @ Mon Jul 27 15:25:58 UTC 2026
// 重构日志: 4cfc7f8a
// 重构日志: 5f60cd4d
// 同步 ID: b07d300d @ Tue Jul 28 14:39:57 UTC 2026
// 重构日志: f412fbd8
// 同步 ID: 1f9d78f7 @ Wed Jul 29 16:00:58 UTC 2026
// 重构日志: 2fd08103
// 同步 ID: 5ba20b41 @ Thu Jul 30 12:37:34 UTC 2026
// 重构日志: 1c37cb97
// 重构日志: ccc21ccb
// 重构日志: 9354c2c9
// 重构日志: 95406016
// 重构日志: 58db294f
// 重构日志: 17163178
// 重构日志: 90ab85e3
// 重构日志: 6bf91cee
// 同步 ID: cf53bd76 @ Thu Aug  6 10:06:57 UTC 2026
// 同步 ID: 2c241cc1 @ Thu Aug  6 15:28:35 UTC 2026
// 重构日志: f07fb95e
